NAME: call_me
LPAR: (
RPAR: )
NEWLINE: \n
NAME: call_you
LPAR: (
RPAR: )
NEWLINE: \n
NAME: call_us
LPAR: (
RPAR: )
NEWLINE: \n
NAME: call_her
LPAR: (
RPAR: )
NEWLINE: \n
ECHO: echo
STRING: x
NEWLINE: \n
ECHO: echo
ENDMARKER: None